// Jest Snapshot v1, https://jestjs.io/docs/snapshot-testing

exports[`NavBarLeft Snapshots should match snapshot 1`] = `
<a
  class="flex flex-shrink-0 items-center"
  href="/"
>
  <svg
    class="h-10 w-auto text-blue-800 p-[4px] bg-white"
    data-testid="home-icon"
  >
    <title>
      Home
    </title>
  </svg>
  <span
    class="block text-xl md:text-lg text-blue-800 ml-1"
  >
    Dwellio
  </span>
</a>
`;
