// Jest Snapshot v1, https://jestjs.io/docs/snapshot-testing

exports[`DelayedRender Snapshots should match snapshot after delay 1`] = `
<div
  data-testid="delayed-content"
>
  Test Content
</div>
`;

exports[`DelayedRender Snapshots should match snapshot before delay 1`] = `null`;
