// Jest Snapshot v1, https://jestjs.io/docs/snapshot-testing

exports[`NotFound Snapshots should match snapshot 1`] = `
<section
  class="h-screen text-center flex flex-col jusitfy-center items-center"
>
  <div>
    <h1
      class="inline-block mt-10 mr-5 pr-5 font-medium align-top leading-12 border-r border-gray-800 text-2xl text-gray-800"
    >
      404
    </h1>
    <div
      class="inline-block"
    >
      <h2
        class="font-medium text-lg leading-12 mt-10"
      >
        This page could not be found.
      </h2>
    </div>
  </div>
</section>
`;
