// Jest Snapshot v1, https://jestjs.io/docs/snapshot-testing

exports[`LoginPage Snapshots should match snapshot for unauthenticated user 1`] = `
<div
  class="flex items-center justify-center py-6 px-4 sm:px-6 lg:px-8"
>
  <div
    class="max-w-md w-full space-y-6"
  >
    <div
      class="text-center"
    >
      <a
        class="flex flex-shrink-0 items-center justify-center"
        data-testid="logo-link"
        href="/"
      >
        <div
          class="h-10 w-auto text-blue-800 p-[4px] bg-white"
          data-testid="home-icon"
        >
          üè†
        </div>
        <span
          class="block text-xl md:text-lg text-blue-800 ml-1"
        >
          Dwellio
        </span>
      </a>
    </div>
    <div
      data-testid="login-ui"
    >
      Login UI Component
    </div>
    <div
      class="p-4 bg-blue-50 rounded-lg shadow-lg"
    >
      <div
        class="text-sm text-blue-800"
      >
        <h3
          class="font-medium text-lg"
        >
          Account Linking
        </h3>
        <div
          class="text-sm"
        >
          If you have an existing Google account with this email, creating a password will link both sign-in methods to the same account.
        </div>
      </div>
    </div>
  </div>
</div>
`;
