// Jest Snapshot v1, https://jestjs.io/docs/snapshot-testing

exports[`ViewportCookieWriter Snapshots should match snapshot 1`] = `null`;
