// Jest Snapshot v1, https://jestjs.io/docs/snapshot-testing

exports[`LoginUI Snapshots should match snapshot in register mode 1`] = `
<div
  class="max-w-md mx-auto"
>
  <h1
    class="text-2xl text-center text-gray-800"
  >
    Sign In
  </h1>
  <div
    class="text-center mb-4"
  >
    <button
      class="text-blue-600 hover:text-blue-500 text-sm font-medium hover:cursor-pointer disabled:text-gray-400"
    >
      Don't have an account? Create one.
    </button>
  </div>
  <div
    class=" rounded-md shadow-lg p-6"
  >
    <form
      data-testid="signin-form"
    >
      <div>
        Sign In Form
      </div>
      <button
        type="submit"
      >
        Sign In
      </button>
    </form>
    <div
      class="mt-6"
    >
      <div
        class="relative"
      >
        <div
          class="absolute inset-0 flex items-center"
        >
          <div
            class="w-full border-t border-gray-300"
          />
        </div>
        <div
          class="relative flex justify-center text-sm"
        >
          <span
            class="px-3 bg-white text-gray-500"
          >
            or
          </span>
        </div>
      </div>
    </div>
    <div
      class="mt-6"
    >
      <div
        data-testid="login-buttons"
      >
        OAuth Login Buttons
      </div>
    </div>
  </div>
</div>
`;

exports[`LoginUI Snapshots should match snapshot in signin mode 1`] = `
<div
  class="max-w-md mx-auto"
>
  <h1
    class="text-2xl text-center text-gray-800"
  >
    Sign In
  </h1>
  <div
    class="text-center mb-4"
  >
    <button
      class="text-blue-600 hover:text-blue-500 text-sm font-medium hover:cursor-pointer disabled:text-gray-400"
    >
      Don't have an account? Create one.
    </button>
  </div>
  <div
    class=" rounded-md shadow-lg p-6"
  >
    <form
      data-testid="signin-form"
    >
      <div>
        Sign In Form
      </div>
      <button
        type="submit"
      >
        Sign In
      </button>
    </form>
    <div
      class="mt-6"
    >
      <div
        class="relative"
      >
        <div
          class="absolute inset-0 flex items-center"
        >
          <div
            class="w-full border-t border-gray-300"
          />
        </div>
        <div
          class="relative flex justify-center text-sm"
        >
          <span
            class="px-3 bg-white text-gray-500"
          >
            or
          </span>
        </div>
      </div>
    </div>
    <div
      class="mt-6"
    >
      <div
        data-testid="login-buttons"
      >
        OAuth Login Buttons
      </div>
    </div>
  </div>
</div>
`;
